Menu:
    r to find a route
    b to see a list of all buildings
    q to quit

Enter an option ('m' to see the menu): #test path to self

Abbreviated name of starting building: Abbreviated name of ending building: Path from Paul G. Allen Center for Computer Science & Engineering to Paul G. Allen Center for Computer Science & Engineering:
Total distance: 0 feet

Enter an option ('m' to see the menu): 
# All of your test scripts should end with q to terminate the program.
